// Jest Snapshot v1, https://goo.gl/fbAQLP

exports[`HQ stack matches the snapshot 1`] = `
{
  "Metadata": {
    "gu:cdk:constructs": [
      "GuDistributionBucketParameter",
      "GuStringParameter",
      "GuAnghammaradTopicParameter",
      "GuAnghammaradSenderPolicy",
      "GuPutCloudwatchMetricsPolicy",
      "GuGetS3ObjectsPolicy",
      "GuDynamoDBReadPolicy",
      "GuDynamoDBWritePolicy",
      "GuAllowPolicy",
      "GuAllowPolicy",
      "GuVpcParameter",
      "GuSubnetListParameter",
      "GuSubnetListParameter",
      "GuEc2App",
      "GuCertificate",
      "GuInstanceRole",
      "GuSSMRunCommandPolicy",
      "GuDescribeEC2Policy",
      "GuLoggingStreamNameParameter",
      "GuLogShippingPolicy",
      "GuGetDistributablePolicy",
      "GuParameterStoreReadPolicy",
      "GuAmiParameter",
      "GuHttpsEgressSecurityGroup",
      "GuAutoScalingGroup",
      "GuWazuhAccess",
      "GuApplicationLoadBalancer",
      "GuApplicationTargetGroup",
      "GuHttpsApplicationListener",
      "GuSecurityGroup",
      "GuCname",
      "GuSnsTopic",
      "GuParameter",
      "GuAlarm",
      "GuAlarm",
    ],
    "gu:cdk:version": "TEST",
  },
  "Outputs": {
    "LoadBalancerSecurityhqDnsName": {
      "Description": "DNS entry for LoadBalancerSecurityhq",
      "Value": {
        "Fn::GetAtt": [
          "LoadBalancerSecurityhqF59D9B82",
          "DNSName",
        ],
      },
    },
  },
  "Parameters": {
    "AMISecurityhq": {
      "Description": "Amazon Machine Image ID for the app security-hq. Use this in conjunction with AMIgo to keep AMIs up to date.",
      "Type": "AWS::EC2::Image::Id",
    },
    "AnghammaradSnsArn": {
      "Default": "/account/services/anghammarad.topic.arn",
      "Description": "SSM parameter containing the ARN of the Anghammarad SNS topic",
      "Type": "AWS::SSM::Parameter::Value<String>",
    },
    "AuditDataS3BucketName": {
      "Default": "/security/security-hq/audit-data-s3-bucket/name",
      "Description": "Name of the S3 bucket to fetch auditable data from (e.g. Janus data)",
      "Type": "AWS::SSM::Parameter::Value<String>",
    },
    "CloudwatchAlarmEmailDestination": {
      "Description": "Send Security HQ cloudwatch alarms to this email address",
      "Type": "String",
    },
    "DistributionBucketName": {
      "Default": "/account/services/artifact.bucket",
      "Description": "SSM parameter containing the S3 bucket name holding distribution artifacts",
      "Type": "AWS::SSM::Parameter::Value<String>",
    },
    "LoggingStreamName": {
      "Default": "/account/services/logging.stream.name",
      "Description": "SSM parameter containing the Name (not ARN) on the kinesis stream",
      "Type": "AWS::SSM::Parameter::Value<String>",
    },
    "VpcId": {
      "Default": "/account/vpc/primary/id",
      "Description": "Virtual Private Cloud to run EC2 instances within. Should NOT be the account default VPC.",
      "Type": "AWS::SSM::Parameter::Value<AWS::EC2::VPC::Id>",
    },
    "securityhqPrivateSubnets": {
      "Default": "/account/vpc/primary/subnets/private",
      "Description": "A list of private subnets",
      "Type": "AWS::SSM::Parameter::Value<List<AWS::EC2::Subnet::Id>>",
    },
    "securityhqPublicSubnets": {
      "Default": "/account/vpc/primary/subnets/public",
      "Description": "A list of public subnets",
      "Type": "AWS::SSM::Parameter::Value<List<AWS::EC2::Subnet::Id>>",
    },
  },
  "Resources": {
    "AssumeRole3910C09D": {
      "Properties": {
        "PolicyDocument": {
          "Statement": [
            {
              "Action": "sts:AssumeRole",
              "Effect": "Allow",
              "Resource": "*",
            },
          ],
          "Version": "2012-10-17",
        },
        "PolicyName": "AssumeRole3910C09D",
        "Roles": [
          {
            "Ref": "InstanceRoleSecurityhq7C08CA33",
          },
        ],
      },
      "Type": "AWS::IAM::Policy",
    },
    "AutoScalingGroupSecurityhqASG8DD277A5": {
      "Properties": {
        "HealthCheckGracePeriod": 120,
        "HealthCheckType": "ELB",
        "LaunchConfigurationName": {
          "Ref": "AutoScalingGroupSecurityhqLaunchConfig4307528E",
        },
        "MaxSize": "2",
        "MinSize": "1",
        "Tags": [
          {
            "Key": "App",
            "PropagateAtLaunch": true,
            "Value": "security-hq",
          },
          {
            "Key": "gu:cdk:pattern-name",
            "PropagateAtLaunch": true,
            "Value": "GuEc2App",
          },
          {
            "Key": "gu:cdk:version",
            "PropagateAtLaunch": true,
            "Value": "TEST",
          },
          {
            "Key": "gu:repo",
            "PropagateAtLaunch": true,
            "Value": "guardian/security-hq",
          },
          {
            "Key": "LogKinesisStreamName",
            "PropagateAtLaunch": true,
            "Value": {
              "Ref": "LoggingStreamName",
            },
          },
          {
            "Key": "Name",
            "PropagateAtLaunch": true,
            "Value": "security-hq/AutoScalingGroupSecurityhq",
          },
          {
            "Key": "Stack",
            "PropagateAtLaunch": true,
            "Value": "security",
          },
          {
            "Key": "Stage",
            "PropagateAtLaunch": true,
            "Value": "PROD",
          },
        ],
        "TargetGroupARNs": [
          {
            "Ref": "TargetGroupSecurityhq530DEDAA",
          },
        ],
        "VPCZoneIdentifier": {
          "Ref": "securityhqPrivateSubnets",
        },
      },
      "Type": "AWS::AutoScaling::AutoScalingGroup",
    },
    "AutoScalingGroupSecurityhqInstanceProfile9E45D8A7": {
      "Properties": {
        "Roles": [
          {
            "Ref": "InstanceRoleSecurityhq7C08CA33",
          },
        ],
      },
      "Type": "AWS::IAM::InstanceProfile",
    },
    "AutoScalingGroupSecurityhqLaunchConfig4307528E": {
      "DependsOn": [
        "InstanceRoleSecurityhq7C08CA33",
      ],
      "Properties": {
        "IamInstanceProfile": {
          "Ref": "AutoScalingGroupSecurityhqInstanceProfile9E45D8A7",
        },
        "ImageId": {
          "Ref": "AMISecurityhq",
        },
        "InstanceType": "t4g.large",
        "MetadataOptions": {
          "HttpTokens": "required",
        },
        "SecurityGroups": [
          {
            "Fn::GetAtt": [
              "GuHttpsEgressSecurityGroupSecurityhq0F9CBE88",
              "GroupId",
            ],
          },
          {
            "Fn::GetAtt": [
              "WazuhSecurityGroup",
              "GroupId",
            ],
          },
        ],
        "UserData": {
          "Fn::Base64": {
            "Fn::Join": [
              "",
              [
                "#!/bin/bash -ev
# setup security-hq
mkdir -p /etc/gu

aws --region eu-west-1 s3 cp s3://",
                {
                  "Ref": "DistributionBucketName",
                },
                "/security/PROD/security-hq/security-hq.conf /etc/gu
aws --region eu-west-1 s3 cp s3://",
                {
                  "Ref": "DistributionBucketName",
                },
                "/security/PROD/security-hq/security-hq-service-account-cert.json /etc/gu
aws --region eu-west-1 s3 cp s3://",
                {
                  "Ref": "DistributionBucketName",
                },
                "/security/PROD/security-hq/security-hq.deb /tmp/installer.deb

dpkg -i /tmp/installer.deb",
              ],
            ],
          },
        },
      },
      "Type": "AWS::AutoScaling::LaunchConfiguration",
    },
    "CertificateSecurityhqD266EC9D": {
      "DeletionPolicy": "Retain",
      "Properties": {
        "DomainName": "security-hq.gutools.co.uk",
        "Tags": [
          {
            "Key": "App",
            "Value": "security-hq",
          },
          {
            "Key": "gu:cdk:version",
            "Value": "TEST",
          },
          {
            "Key": "gu:repo",
            "Value": "guardian/security-hq",
          },
          {
            "Key": "Stack",
            "Value": "security",
          },
          {
            "Key": "Stage",
            "Value": "PROD",
          },
        ],
        "ValidationMethod": "DNS",
      },
      "Type": "AWS::CertificateManager::Certificate",
      "UpdateReplacePolicy": "Retain",
    },
    "DescribeEC2PolicyFF5F9295": {
      "Properties": {
        "PolicyDocument": {
          "Statement": [
            {
              "Action": [
                "autoscaling:DescribeAutoScalingInstances",
                "autoscaling:DescribeAutoScalingGroups",
                "ec2:DescribeTags",
                "ec2:DescribeInstances",
              ],
              "Effect": "Allow",
              "Resource": "*",
            },
          ],
          "Version": "2012-10-17",
        },
        "PolicyName": "describe-ec2-policy",
        "Roles": [
          {
            "Ref": "InstanceRoleSecurityhq7C08CA33",
          },
        ],
      },
      "Type": "AWS::IAM::Policy",
    },
    "DescribeRegions9F63D96D": {
      "Properties": {
        "PolicyDocument": {
          "Statement": [
            {
              "Action": "ec2:DescribeRegions",
              "Effect": "Allow",
              "Resource": "*",
            },
          ],
          "Version": "2012-10-17",
        },
        "PolicyName": "DescribeRegions9F63D96D",
        "Roles": [
          {
            "Ref": "InstanceRoleSecurityhq7C08CA33",
          },
        ],
      },
      "Type": "AWS::IAM::Policy",
    },
    "DisableAccessKeyFailureAlarm03FFC3CB": {
      "Properties": {
        "ActionsEnabled": true,
        "AlarmActions": [
          {
            "Fn::Join": [
              "",
              [
                "arn:aws:sns:",
                {
                  "Ref": "AWS::Region",
                },
                ":",
                {
                  "Ref": "AWS::AccountId",
                },
                ":",
                {
                  "Fn::GetAtt": [
                    "NotificationTopicEB7A0DF1",
                    "TopicName",
                  ],
                },
              ],
            ],
          },
        ],
        "AlarmDescription": "The credentials reaper feature of Security HQ logs either success or failure to cloudwatch, and this alarm lets us know when it logs a failure. Check the application logs for more details https://logs.gutools.co.uk/s/devx/goto/f9915a6e4e94a000732d67026cea91be.",
        "AlarmName": "Security HQ failed to disable a vulnerable access key (new stack)",
        "ComparisonOperator": "GreaterThanOrEqualToThreshold",
        "Dimensions": [
          {
            "Name": "ReaperExecutionStatus",
            "Value": "Failure",
          },
        ],
        "EvaluationPeriods": 1,
        "MetricName": "IamDisableAccessKey",
        "Namespace": "SecurityHQ",
        "Period": 60,
        "Statistic": "Sum",
        "Threshold": 1,
        "TreatMissingData": "notBreaching",
      },
      "Type": "AWS::CloudWatch::Alarm",
    },
    "DynamoReadF4CBA3FD": {
      "Properties": {
        "PolicyDocument": {
          "Statement": [
            {
              "Action": [
                "dynamodb:BatchGetItem",
                "dynamodb:GetItem",
                "dynamodb:Scan",
                "dynamodb:Query",
                "dynamodb:GetRecords",
              ],
              "Effect": "Allow",
              "Resource": {
                "Fn::Join": [
                  "",
                  [
                    "arn:aws:dynamodb:",
                    {
                      "Ref": "AWS::Region",
                    },
                    ":",
                    {
                      "Ref": "AWS::AccountId",
                    },
                    ":table/",
                    {
                      "Ref": "SecurityHqIamDynamoTable",
                    },
                  ],
                ],
              },
            },
          ],
          "Version": "2012-10-17",
        },
        "PolicyName": "DynamoReadF4CBA3FD",
        "Roles": [
          {
            "Ref": "InstanceRoleSecurityhq7C08CA33",
          },
        ],
      },
      "Type": "AWS::IAM::Policy",
    },
    "DynamoWrite95D291C9": {
      "Properties": {
        "PolicyDocument": {
          "Statement": [
            {
              "Action": [
                "dynamodb:BatchWriteItem",
                "dynamodb:PutItem",
                "dynamodb:DeleteItem",
                "dynamodb:UpdateItem",
              ],
              "Effect": "Allow",
              "Resource": {
                "Fn::Join": [
                  "",
                  [
                    "arn:aws:dynamodb:",
                    {
                      "Ref": "AWS::Region",
                    },
                    ":",
                    {
                      "Ref": "AWS::AccountId",
                    },
                    ":table/",
                    {
                      "Ref": "SecurityHqIamDynamoTable",
                    },
                  ],
                ],
              },
            },
          ],
          "Version": "2012-10-17",
        },
        "PolicyName": "DynamoWrite95D291C9",
        "Roles": [
          {
            "Ref": "InstanceRoleSecurityhq7C08CA33",
          },
        ],
      },
      "Type": "AWS::IAM::Policy",
    },
    "GetDistributablePolicySecurityhqC6808A6A": {
      "Properties": {
        "PolicyDocument": {
          "Statement": [
            {
              "Action": "s3:GetObject",
              "Effect": "Allow",
              "Resource": {
                "Fn::Join": [
                  "",
                  [
                    "arn:aws:s3:::",
                    {
                      "Ref": "DistributionBucketName",
                    },
                    "/security/PROD/security-hq/*",
                  ],
                ],
              },
            },
          ],
          "Version": "2012-10-17",
        },
        "PolicyName": "GetDistributablePolicySecurityhqC6808A6A",
        "Roles": [
          {
            "Ref": "InstanceRoleSecurityhq7C08CA33",
          },
        ],
      },
      "Type": "AWS::IAM::Policy",
    },
    "GuAnghammaradSenderPolicy674A3874": {
      "Properties": {
        "PolicyDocument": {
          "Statement": [
            {
              "Action": "sns:Publish",
              "Effect": "Allow",
              "Resource": {
                "Ref": "AnghammaradSnsArn",
              },
            },
          ],
          "Version": "2012-10-17",
        },
        "PolicyName": "GuAnghammaradSenderPolicy674A3874",
        "Roles": [
          {
            "Ref": "InstanceRoleSecurityhq7C08CA33",
          },
        ],
      },
      "Type": "AWS::IAM::Policy",
    },
    "GuHttpsEgressSecurityGroupSecurityhq0F9CBE88": {
      "Properties": {
        "GroupDescription": "Allow all outbound HTTPS traffic",
        "SecurityGroupEgress": [
          {
            "CidrIp": "0.0.0.0/0",
            "Description": "Allow all outbound HTTPS traffic",
            "FromPort": 443,
            "IpProtocol": "tcp",
            "ToPort": 443,
          },
        ],
        "Tags": [
          {
            "Key": "App",
            "Value": "security-hq",
          },
          {
            "Key": "gu:cdk:version",
            "Value": "TEST",
          },
          {
            "Key": "gu:repo",
            "Value": "guardian/security-hq",
          },
          {
            "Key": "Stack",
            "Value": "security",
          },
          {
            "Key": "Stage",
            "Value": "PROD",
          },
        ],
        "VpcId": {
          "Ref": "VpcId",
        },
      },
      "Type": "AWS::EC2::SecurityGroup",
    },
    "GuHttpsEgressSecurityGroupSecurityhqfromsecurityhqLoadBalancerSecurityhqSecurityGroup3F506C5990004DFA1452": {
      "Properties": {
        "Description": "Load balancer to target",
        "FromPort": 9000,
        "GroupId": {
          "Fn::GetAtt": [
            "GuHttpsEgressSecurityGroupSecurityhq0F9CBE88",
            "GroupId",
          ],
        },
        "IpProtocol": "tcp",
        "SourceSecurityGroupId": {
          "Fn::GetAtt": [
            "LoadBalancerSecurityhqSecurityGroup66272916",
            "GroupId",
          ],
        },
        "ToPort": 9000,
      },
      "Type": "AWS::EC2::SecurityGroupIngress",
    },
    "GuHttpsEgressSecurityGroupSecurityhqfromsecurityhqRestrictedIngressSecurityGroupSecurityhq2DC7AECE90009FDEBE14": {
      "Properties": {
        "Description": "Load balancer to target",
        "FromPort": 9000,
        "GroupId": {
          "Fn::GetAtt": [
            "GuHttpsEgressSecurityGroupSecurityhq0F9CBE88",
            "GroupId",
          ],
        },
        "IpProtocol": "tcp",
        "SourceSecurityGroupId": {
          "Fn::GetAtt": [
            "RestrictedIngressSecurityGroupSecurityhqCA18D247",
            "GroupId",
          ],
        },
        "ToPort": 9000,
      },
      "Type": "AWS::EC2::SecurityGroupIngress",
    },
    "GuLogShippingPolicy981BFE5A": {
      "Properties": {
        "PolicyDocument": {
          "Statement": [
            {
              "Action": [
                "kinesis:Describe*",
                "kinesis:Put*",
              ],
              "Effect": "Allow",
              "Resource": {
                "Fn::Join": [
                  "",
                  [
                    "arn:aws:kinesis:",
                    {
                      "Ref": "AWS::Region",
                    },
                    ":",
                    {
                      "Ref": "AWS::AccountId",
                    },
                    ":stream/",
                    {
                      "Ref": "LoggingStreamName",
                    },
                  ],
                ],
              },
            },
          ],
          "Version": "2012-10-17",
        },
        "PolicyName": "GuLogShippingPolicy981BFE5A",
        "Roles": [
          {
            "Ref": "InstanceRoleSecurityhq7C08CA33",
          },
        ],
      },
      "Type": "AWS::IAM::Policy",
    },
    "GuPutCloudwatchMetricsPolicyC5BCE402": {
      "Properties": {
        "PolicyDocument": {
          "Statement": [
            {
              "Action": "cloudwatch:PutMetricData",
              "Effect": "Allow",
              "Resource": "*",
            },
          ],
          "Version": "2012-10-17",
        },
        "PolicyName": "GuPutCloudwatchMetricsPolicyC5BCE402",
        "Roles": [
          {
            "Ref": "InstanceRoleSecurityhq7C08CA33",
          },
        ],
      },
      "Type": "AWS::IAM::Policy",
    },
    "InstanceRoleSecurityhq7C08CA33": {
      "Properties": {
        "AssumeRolePolicyDocument": {
          "Statement": [
            {
              "Action": "sts:AssumeRole",
              "Effect": "Allow",
              "Principal": {
                "Service": {
                  "Fn::Join": [
                    "",
                    [
                      "ec2.",
                      {
                        "Ref": "AWS::URLSuffix",
                      },
                    ],
                  ],
                },
              },
            },
          ],
          "Version": "2012-10-17",
        },
        "Path": "/",
        "Tags": [
          {
            "Key": "App",
            "Value": "security-hq",
          },
          {
            "Key": "gu:cdk:version",
            "Value": "TEST",
          },
          {
            "Key": "gu:repo",
            "Value": "guardian/security-hq",
          },
          {
            "Key": "Stack",
            "Value": "security",
          },
          {
            "Key": "Stage",
            "Value": "PROD",
          },
        ],
      },
      "Type": "AWS::IAM::Role",
    },
    "ListenerSecurityhq0F356342": {
      "Properties": {
        "Certificates": [
          {
            "CertificateArn": {
              "Ref": "CertificateSecurityhqD266EC9D",
            },
          },
        ],
        "DefaultActions": [
          {
            "TargetGroupArn": {
              "Ref": "TargetGroupSecurityhq530DEDAA",
            },
            "Type": "forward",
          },
        ],
        "LoadBalancerArn": {
          "Ref": "LoadBalancerSecurityhqF59D9B82",
        },
        "Port": 443,
        "Protocol": "HTTPS",
      },
      "Type": "AWS::ElasticLoadBalancingV2::Listener",
    },
    "LoadBalancerSecurityhqF59D9B82": {
      "Properties": {
        "LoadBalancerAttributes": [
          {
            "Key": "deletion_protection.enabled",
            "Value": "true",
          },
        ],
        "Scheme": "internet-facing",
        "SecurityGroups": [
          {
            "Fn::GetAtt": [
              "LoadBalancerSecurityhqSecurityGroup66272916",
              "GroupId",
            ],
          },
          {
            "Fn::GetAtt": [
              "RestrictedIngressSecurityGroupSecurityhqCA18D247",
              "GroupId",
            ],
          },
        ],
        "Subnets": {
          "Ref": "securityhqPublicSubnets",
        },
        "Tags": [
          {
            "Key": "App",
            "Value": "security-hq",
          },
          {
            "Key": "gu:cdk:version",
            "Value": "TEST",
          },
          {
            "Key": "gu:repo",
            "Value": "guardian/security-hq",
          },
          {
            "Key": "Stack",
            "Value": "security",
          },
          {
            "Key": "Stage",
            "Value": "PROD",
          },
        ],
        "Type": "application",
      },
      "Type": "AWS::ElasticLoadBalancingV2::LoadBalancer",
    },
    "LoadBalancerSecurityhqSecurityGroup66272916": {
      "Properties": {
        "GroupDescription": "Automatically created Security Group for ELB securityhqLoadBalancerSecurityhq4820B44E",
        "Tags": [
          {
            "Key": "App",
            "Value": "security-hq",
          },
          {
            "Key": "gu:cdk:version",
            "Value": "TEST",
          },
          {
            "Key": "gu:repo",
            "Value": "guardian/security-hq",
          },
          {
            "Key": "Stack",
            "Value": "security",
          },
          {
            "Key": "Stage",
            "Value": "PROD",
          },
        ],
        "VpcId": {
          "Ref": "VpcId",
        },
      },
      "Type": "AWS::EC2::SecurityGroup",
    },
    "LoadBalancerSecurityhqSecurityGrouptosecurityhqGuHttpsEgressSecurityGroupSecurityhqFDD8E89C90004679E20B": {
      "Properties": {
        "Description": "Load balancer to target",
        "DestinationSecurityGroupId": {
          "Fn::GetAtt": [
            "GuHttpsEgressSecurityGroupSecurityhq0F9CBE88",
            "GroupId",
          ],
        },
        "FromPort": 9000,
        "GroupId": {
          "Fn::GetAtt": [
            "LoadBalancerSecurityhqSecurityGroup66272916",
            "GroupId",
          ],
        },
        "IpProtocol": "tcp",
        "ToPort": 9000,
      },
      "Type": "AWS::EC2::SecurityGroupEgress",
    },
    "NotificationTopicEB7A0DF1": {
      "Properties": {
        "DisplayName": "Security HQ notifications",
        "Tags": [
          {
            "Key": "gu:cdk:version",
            "Value": "TEST",
          },
          {
            "Key": "gu:repo",
            "Value": "guardian/security-hq",
          },
          {
            "Key": "Stack",
            "Value": "security",
          },
          {
            "Key": "Stage",
            "Value": "PROD",
          },
        ],
      },
      "Type": "AWS::SNS::Topic",
    },
    "NotificationTopicTokenSubscription180FA58AD": {
      "Properties": {
        "Endpoint": {
          "Ref": "CloudwatchAlarmEmailDestination",
        },
        "Protocol": "email",
        "TopicArn": {
          "Ref": "NotificationTopicEB7A0DF1",
        },
      },
      "Type": "AWS::SNS::Subscription",
    },
    "ParameterStoreReadSecurityhq5E138D38": {
      "Properties": {
        "PolicyDocument": {
          "Statement": [
            {
              "Action": "ssm:GetParametersByPath",
              "Effect": "Allow",
              "Resource": {
                "Fn::Join": [
                  "",
                  [
                    "arn:aws:ssm:",
                    {
                      "Ref": "AWS::Region",
                    },
                    ":",
                    {
                      "Ref": "AWS::AccountId",
                    },
                    ":parameter/PROD/security/security-hq",
                  ],
                ],
              },
            },
            {
              "Action": [
                "ssm:GetParameters",
                "ssm:GetParameter",
              ],
              "Effect": "Allow",
              "Resource": {
                "Fn::Join": [
                  "",
                  [
                    "arn:aws:ssm:",
                    {
                      "Ref": "AWS::Region",
                    },
                    ":",
                    {
                      "Ref": "AWS::AccountId",
                    },
                    ":parameter/PROD/security/security-hq/*",
                  ],
                ],
              },
            },
          ],
          "Version": "2012-10-17",
        },
        "PolicyName": "parameter-store-read-policy",
        "Roles": [
          {
            "Ref": "InstanceRoleSecurityhq7C08CA33",
          },
        ],
      },
      "Type": "AWS::IAM::Policy",
    },
    "RemovePasswordFailureAlarm68B6574A": {
      "Properties": {
        "ActionsEnabled": true,
        "AlarmActions": [
          {
            "Fn::Join": [
              "",
              [
                "arn:aws:sns:",
                {
                  "Ref": "AWS::Region",
                },
                ":",
                {
                  "Ref": "AWS::AccountId",
                },
                ":",
                {
                  "Fn::GetAtt": [
                    "NotificationTopicEB7A0DF1",
                    "TopicName",
                  ],
                },
              ],
            ],
          },
        ],
        "AlarmDescription": "The credentials reaper feature of Security HQ logs either success or failure to cloudwatch, and this alarm lets us know when it logs a failure. Check the application logs for more details https://logs.gutools.co.uk/s/devx/goto/f9915a6e4e94a000732d67026cea91be.",
        "AlarmName": "Security HQ failed to remove a vulnerable password (new stack)",
        "ComparisonOperator": "GreaterThanOrEqualToThreshold",
        "Dimensions": [
          {
            "Name": "ReaperExecutionStatus",
            "Value": "Failure",
          },
        ],
        "EvaluationPeriods": 1,
        "MetricName": "IamRemovePassword",
        "Namespace": "SecurityHQ",
        "Period": 60,
        "Statistic": "Sum",
        "Threshold": 1,
        "TreatMissingData": "notBreaching",
      },
      "Type": "AWS::CloudWatch::Alarm",
    },
    "RestrictedIngressSecurityGroupSecurityhqCA18D247": {
      "Properties": {
        "GroupDescription": "Allow restricted ingress from CIDR ranges",
        "SecurityGroupIngress": [
          {
            "CidrIp": "192.168.1.1/22",
            "Description": "Allow access on port 443 from 192.168.1.1/22",
            "FromPort": 443,
            "IpProtocol": "tcp",
            "ToPort": 443,
          },
        ],
        "Tags": [
          {
            "Key": "App",
            "Value": "security-hq",
          },
          {
            "Key": "gu:cdk:version",
            "Value": "TEST",
          },
          {
            "Key": "gu:repo",
            "Value": "guardian/security-hq",
          },
          {
            "Key": "Stack",
            "Value": "security",
          },
          {
            "Key": "Stage",
            "Value": "PROD",
          },
        ],
        "VpcId": {
          "Ref": "VpcId",
        },
      },
      "Type": "AWS::EC2::SecurityGroup",
    },
    "RestrictedIngressSecurityGroupSecurityhqtosecurityhqGuHttpsEgressSecurityGroupSecurityhqFDD8E89C9000A501F165": {
      "Properties": {
        "Description": "Load balancer to target",
        "DestinationSecurityGroupId": {
          "Fn::GetAtt": [
            "GuHttpsEgressSecurityGroupSecurityhq0F9CBE88",
            "GroupId",
          ],
        },
        "FromPort": 9000,
        "GroupId": {
          "Fn::GetAtt": [
            "RestrictedIngressSecurityGroupSecurityhqCA18D247",
            "GroupId",
          ],
        },
        "IpProtocol": "tcp",
        "ToPort": 9000,
      },
      "Type": "AWS::EC2::SecurityGroupEgress",
    },
    "S3AuditRead9DF4AE59": {
      "Properties": {
        "PolicyDocument": {
          "Statement": [
            {
              "Action": "s3:GetObject",
              "Effect": "Allow",
              "Resource": {
                "Fn::Join": [
                  "",
                  [
                    "arn:aws:s3:::",
                    {
                      "Ref": "AuditDataS3BucketName",
                    },
                    "/security/PROD/*",
                  ],
                ],
              },
            },
          ],
          "Version": "2012-10-17",
        },
        "PolicyName": "S3AuditRead9DF4AE59",
        "Roles": [
          {
            "Ref": "InstanceRoleSecurityhq7C08CA33",
          },
        ],
      },
      "Type": "AWS::IAM::Policy",
    },
    "SSMRunCommandPolicy244E1613": {
      "Properties": {
        "PolicyDocument": {
          "Statement": [
            {
              "Action": [
                "ec2messages:AcknowledgeMessage",
                "ec2messages:DeleteMessage",
                "ec2messages:FailMessage",
                "ec2messages:GetEndpoint",
                "ec2messages:GetMessages",
                "ec2messages:SendReply",
                "ssm:UpdateInstanceInformation",
                "ssm:ListInstanceAssociations",
                "ssm:DescribeInstanceProperties",
                "ssm:DescribeDocumentParameters",
                "ssmmessages:CreateControlChannel",
                "ssmmessages:CreateDataChannel",
                "ssmmessages:OpenControlChannel",
                "ssmmessages:OpenDataChannel",
              ],
              "Effect": "Allow",
              "Resource": "*",
            },
          ],
          "Version": "2012-10-17",
        },
        "PolicyName": "ssm-run-command-policy",
        "Roles": [
          {
            "Ref": "InstanceRoleSecurityhq7C08CA33",
          },
        ],
      },
      "Type": "AWS::IAM::Policy",
    },
    "SecurityHqIamDynamoTable": {
      "DeletionPolicy": "Retain",
      "Properties": {
        "AttributeDefinitions": [
          {
            "AttributeName": "id",
            "AttributeType": "S",
          },
          {
            "AttributeName": "dateNotificationSent",
            "AttributeType": "N",
          },
        ],
        "KeySchema": [
          {
            "AttributeName": "id",
            "KeyType": "HASH",
          },
          {
            "AttributeName": "dateNotificationSent",
            "KeyType": "RANGE",
          },
        ],
        "ProvisionedThroughput": {
          "ReadCapacityUnits": 5,
          "WriteCapacityUnits": 5,
        },
        "TableName": "security-hq-iam",
        "Tags": [
          {
            "Key": "gu:cdk:version",
            "Value": "TEST",
          },
          {
            "Key": "gu:repo",
            "Value": "guardian/security-hq",
          },
          {
            "Key": "Stack",
            "Value": "security",
          },
          {
            "Key": "Stage",
            "Value": "PROD",
          },
        ],
      },
      "Type": "AWS::DynamoDB::Table",
      "UpdateReplacePolicy": "Retain",
    },
    "TargetGroupSecurityhq530DEDAA": {
      "Properties": {
        "HealthCheckIntervalSeconds": 10,
        "HealthCheckPath": "/healthcheck",
        "HealthCheckProtocol": "HTTP",
        "HealthCheckTimeoutSeconds": 5,
        "HealthyThresholdCount": 5,
        "Port": 9000,
        "Protocol": "HTTP",
        "Tags": [
          {
            "Key": "App",
            "Value": "security-hq",
          },
          {
            "Key": "gu:cdk:version",
            "Value": "TEST",
          },
          {
            "Key": "gu:repo",
            "Value": "guardian/security-hq",
          },
          {
            "Key": "Stack",
            "Value": "security",
          },
          {
            "Key": "Stage",
            "Value": "PROD",
          },
        ],
        "TargetGroupAttributes": [
          {
            "Key": "deregistration_delay.timeout_seconds",
            "Value": "30",
          },
          {
            "Key": "stickiness.enabled",
            "Value": "false",
          },
        ],
        "TargetType": "instance",
        "UnhealthyThresholdCount": 2,
        "VpcId": {
          "Ref": "VpcId",
        },
      },
      "Type": "AWS::ElasticLoadBalancingV2::TargetGroup",
    },
    "WazuhSecurityGroup": {
      "Properties": {
        "GroupDescription": "Allow outbound traffic from wazuh agent to manager",
        "SecurityGroupEgress": [
          {
            "CidrIp": "0.0.0.0/0",
            "Description": "Wazuh event logging",
            "FromPort": 1514,
            "IpProtocol": "tcp",
            "ToPort": 1514,
          },
          {
            "CidrIp": "0.0.0.0/0",
            "Description": "Wazuh agent registration",
            "FromPort": 1515,
            "IpProtocol": "tcp",
            "ToPort": 1515,
          },
        ],
        "Tags": [
          {
            "Key": "gu:cdk:version",
            "Value": "TEST",
          },
          {
            "Key": "gu:repo",
            "Value": "guardian/security-hq",
          },
          {
            "Key": "Stack",
            "Value": "security",
          },
          {
            "Key": "Stage",
            "Value": "PROD",
          },
        ],
        "VpcId": {
          "Ref": "VpcId",
        },
      },
      "Type": "AWS::EC2::SecurityGroup",
    },
    "securityhqgutoolscouk": {
      "Properties": {
        "Name": "security-hq.gutools.co.uk",
        "RecordType": "CNAME",
        "ResourceRecords": [
          {
            "Fn::GetAtt": [
              "LoadBalancerSecurityhqF59D9B82",
              "DNSName",
            ],
          },
        ],
        "Stage": "PROD",
        "TTL": 3600,
      },
      "Type": "Guardian::DNS::RecordSet",
    },
  },
}
`;
