// Jest Snapshot v1, https://goo.gl/fbAQLP

exports[`The Security stack matches the snapshot 1`] = `
Object {
  "Parameters": Object {
    "Stage": Object {
      "AllowedValues": Array [
        "CODE",
        "PROD",
      ],
      "Default": "CODE",
      "Description": "Stage name",
      "Type": "String",
    },
  },
}
`;
